Duplicated file found; will not be sent for synthesis: d:/zgh/direction/kalman_rtl/kalman_acc_sv/kalman_acc_sv.gen/sources_1/ip/floating_point_add/hdl/xbip_utils_v3_0_vh_rfs.vhd
Duplicated file found; will not be sent for synthesis: d:/zgh/direction/kalman_rtl/kalman_acc_sv/kalman_acc_sv.gen/sources_1/ip/floating_point_add/hdl/axi_utils_v2_0_vh_rfs.vhd
Duplicated file found; will not be sent for synthesis: d:/zgh/direction/kalman_rtl/kalman_acc_sv/kalman_acc_sv.gen/sources_1/ip/floating_point_add/hdl/xbip_pipe_v3_0_vh_rfs.vhd
Duplicated file found; will not be sent for synthesis: d:/zgh/direction/kalman_rtl/kalman_acc_sv/kalman_acc_sv.gen/sources_1/ip/floating_point_add/hdl/xbip_dsp48_wrapper_v3_0_vh_rfs.vhd
Duplicated file found; will not be sent for synthesis: d:/zgh/direction/kalman_rtl/kalman_acc_sv/kalman_acc_sv.gen/sources_1/ip/floating_point_add/hdl/xbip_dsp48_addsub_v3_0_vh_rfs.vhd
Duplicated file found; will not be sent for synthesis: d:/zgh/direction/kalman_rtl/kalman_acc_sv/kalman_acc_sv.gen/sources_1/ip/floating_point_add/hdl/xbip_dsp48_multadd_v3_0_vh_rfs.vhd
Duplicated file found; will not be sent for synthesis: d:/zgh/direction/kalman_rtl/kalman_acc_sv/kalman_acc_sv.gen/sources_1/ip/floating_point_add/hdl/xbip_bram18k_v3_0_vh_rfs.vhd
Duplicated file found; will not be sent for synthesis: d:/zgh/direction/kalman_rtl/kalman_acc_sv/kalman_acc_sv.gen/sources_1/ip/floating_point_add/hdl/mult_gen_v12_0_vh_rfs.vhd
Duplicated file found; will not be sent for synthesis: d:/zgh/direction/kalman_rtl/kalman_acc_sv/kalman_acc_sv.gen/sources_1/ip/floating_point_add/hdl/floating_point_v7_1_rfs.vhd
Duplicated file found; will not be sent for synthesis: d:/zgh/direction/kalman_rtl/kalman_acc_sv/kalman_acc_sv.gen/sources_1/ip/floating_point_add/hdl/floating_point_v7_1_rfs.v
Duplicated file found; will not be sent for synthesis: d:/zgh/direction/kalman_rtl/kalman_acc_sv/kalman_acc_sv.gen/sources_1/ip/floating_point_mul/hdl/xbip_utils_v3_0_vh_rfs.vhd
Duplicated file found; will not be sent for synthesis: d:/zgh/direction/kalman_rtl/kalman_acc_sv/kalman_acc_sv.gen/sources_1/ip/floating_point_mul/hdl/axi_utils_v2_0_vh_rfs.vhd
Duplicated file found; will not be sent for synthesis: d:/zgh/direction/kalman_rtl/kalman_acc_sv/kalman_acc_sv.gen/sources_1/ip/floating_point_mul/hdl/xbip_pipe_v3_0_vh_rfs.vhd
Duplicated file found; will not be sent for synthesis: d:/zgh/direction/kalman_rtl/kalman_acc_sv/kalman_acc_sv.gen/sources_1/ip/floating_point_mul/hdl/xbip_dsp48_wrapper_v3_0_vh_rfs.vhd
Duplicated file found; will not be sent for synthesis: d:/zgh/direction/kalman_rtl/kalman_acc_sv/kalman_acc_sv.gen/sources_1/ip/floating_point_mul/hdl/xbip_dsp48_addsub_v3_0_vh_rfs.vhd
Duplicated file found; will not be sent for synthesis: d:/zgh/direction/kalman_rtl/kalman_acc_sv/kalman_acc_sv.gen/sources_1/ip/floating_point_mul/hdl/xbip_dsp48_multadd_v3_0_vh_rfs.vhd
Duplicated file found; will not be sent for synthesis: d:/zgh/direction/kalman_rtl/kalman_acc_sv/kalman_acc_sv.gen/sources_1/ip/floating_point_mul/hdl/xbip_bram18k_v3_0_vh_rfs.vhd
Duplicated file found; will not be sent for synthesis: d:/zgh/direction/kalman_rtl/kalman_acc_sv/kalman_acc_sv.gen/sources_1/ip/floating_point_mul/hdl/mult_gen_v12_0_vh_rfs.vhd
Duplicated file found; will not be sent for synthesis: d:/zgh/direction/kalman_rtl/kalman_acc_sv/kalman_acc_sv.gen/sources_1/ip/floating_point_mul/hdl/floating_point_v7_1_rfs.vhd
Duplicated file found; will not be sent for synthesis: d:/zgh/direction/kalman_rtl/kalman_acc_sv/kalman_acc_sv.gen/sources_1/ip/floating_point_mul/hdl/floating_point_v7_1_rfs.v
Duplicated file found; will not be sent for synthesis: d:/zgh/direction/kalman_rtl/kalman_acc_sv/kalman_acc_sv.gen/sources_1/ip/floating_point_div/hdl/xbip_utils_v3_0_vh_rfs.vhd
Duplicated file found; will not be sent for synthesis: d:/zgh/direction/kalman_rtl/kalman_acc_sv/kalman_acc_sv.gen/sources_1/ip/floating_point_div/hdl/axi_utils_v2_0_vh_rfs.vhd
Duplicated file found; will not be sent for synthesis: d:/zgh/direction/kalman_rtl/kalman_acc_sv/kalman_acc_sv.gen/sources_1/ip/floating_point_div/hdl/xbip_pipe_v3_0_vh_rfs.vhd
Duplicated file found; will not be sent for synthesis: d:/zgh/direction/kalman_rtl/kalman_acc_sv/kalman_acc_sv.gen/sources_1/ip/floating_point_div/hdl/xbip_dsp48_wrapper_v3_0_vh_rfs.vhd
Duplicated file found; will not be sent for synthesis: d:/zgh/direction/kalman_rtl/kalman_acc_sv/kalman_acc_sv.gen/sources_1/ip/floating_point_div/hdl/xbip_dsp48_addsub_v3_0_vh_rfs.vhd
Duplicated file found; will not be sent for synthesis: d:/zgh/direction/kalman_rtl/kalman_acc_sv/kalman_acc_sv.gen/sources_1/ip/floating_point_div/hdl/xbip_dsp48_multadd_v3_0_vh_rfs.vhd
Duplicated file found; will not be sent for synthesis: d:/zgh/direction/kalman_rtl/kalman_acc_sv/kalman_acc_sv.gen/sources_1/ip/floating_point_div/hdl/xbip_bram18k_v3_0_vh_rfs.vhd
Duplicated file found; will not be sent for synthesis: d:/zgh/direction/kalman_rtl/kalman_acc_sv/kalman_acc_sv.gen/sources_1/ip/floating_point_div/hdl/mult_gen_v12_0_vh_rfs.vhd
Duplicated file found; will not be sent for synthesis: d:/zgh/direction/kalman_rtl/kalman_acc_sv/kalman_acc_sv.gen/sources_1/ip/floating_point_div/hdl/floating_point_v7_1_rfs.vhd
Duplicated file found; will not be sent for synthesis: d:/zgh/direction/kalman_rtl/kalman_acc_sv/kalman_acc_sv.gen/sources_1/ip/floating_point_div/hdl/floating_point_v7_1_rfs.v
CRC performance measure: elapsed=00:00:00.226s;;memory_peak=1370.980MB;;memory_gain=0.000MB
